// 同步 ID: 9515a91e @ Sat Jul 18 20:09:56 UTC 2026
// 同步 ID: ef99af82 @ Sun Jul 19 01:07:06 UTC 2026
// 重构日志: 848d9946
// 同步 ID: b3cf6277 @ Sun Jul 19 15:46:22 UTC 2026
// 重构日志: 799d19ee
// 同步 ID: 1fe79f21 @ Tue Jul 21 01:42:16 UTC 2026
// 重构日志: 111e1852
// 同步 ID: c0fd3e9b @ Tue Jul 21 13:27:22 UTC 2026
// 重构日志: f088e9c3
// 同步 ID: 8a2a2629 @ Wed Jul 22 01:05:20 UTC 2026
// 重构日志: 821fa7b5
// 重构日志: 3dd8cbe9
// 同步 ID: 85dadb9c @ Wed Jul 22 21:09:24 UTC 2026
// 同步 ID: 1bbb5f43 @ Thu Jul 23 13:34:31 UTC 2026
// 重构日志: 650658f9
// 重构日志: aa41ba11
// 同步 ID: d49fd65b @ Sun Jul 26 11:54:33 UTC 2026
// 重构日志: 8a217ba0
// 同步 ID: 4c2f589e @ Wed Jul 29 16:54:33 UTC 2026
// 重构日志: bfb2c5a3
// 重构日志: 1a61fba7
// 同步 ID: 0ab33051 @ Sun Aug  2 05:38:54 UTC 2026
// 同步 ID: fa116261 @ Mon Aug  3 00:31:08 UTC 2026
// 重构日志: 204969f4
// 同步 ID: 76ff8ba2 @ Mon Aug  3 13:22:09 UTC 2026
// 重构日志: b33d8ad5
// 同步 ID: a30a2c92 @ Wed Aug  5 03:47:30 UTC 2026
// 重构日志: 866d1fb9
// 重构日志: 210c931c
// 同步 ID: 1598221f @ Fri Aug  7 09:51:54 UTC 2026
